Microchip MPLAB XC8 Compiler V2.41

Linker command line:

-W-3 \
  --edf=C:/Program Files/Microchip/MPLABX/v6.15/packs/Microchip/PIC18Fxxxx_DFP/1.4.151/xc8\pic\dat\20230323171731_en.msgs \
  -cn -h+dist/default/debug\Project_One.debug.sym \
  --cmf=dist/default/debug\Project_One.debug.cmf -z -Q18F4620 \
  -oC:\Users\DELL\AppData\Local\Temp\xcAs6ho.\driver_tmp_3.o \
  --defsym=__MPLAB_BUILD=1 --fixupoverflow=error \
  -Mdist/default/debug/Project_One.debug.map \
  --md=C:\Users\DELL\AppData\Local\Temp\xcAs6ho.\driver_tmp_0.dat -E1 \
  -ver=XC8 Compiler --acfsm=1493 -ACODE=00h-0FFFFh -ACONST=00h-0FFFFh \
  -ASMALLCONST=01000h-010FFhx240 -AMEDIUMCONST=01000h-0FFFFh \
  -ACOMRAM=01h-07Fh -AABS1=00h-0F7Fh -ABIGRAM=01h-0F7Fh \
  -ARAM=080h-0FFh,0100h-01FFhx14,0F00h-0F7Fh -ABANK0=080h-0FFh \
  -ABANK1=0100h-01FFh -ABANK2=0200h-02FFh -ABANK3=0300h-03FFh \
  -ABANK4=0400h-04FFh -ABANK5=0500h-05FFh -ABANK6=0600h-06FFh \
  -ABANK7=0700h-07FFh -ABANK8=0800h-08FFh -ABANK9=0900h-09FFh \
  -ABANK10=0A00h-0AFFh -ABANK11=0B00h-0BFFh -ABANK12=0C00h-0CFFh \
  -ABANK13=0D00h-0DFFh -ABANK14=0E00h-0EFFh -ABANK15=0F00h-0F7Fh \
  -ASFR=0F80h-0FFFh -ABIGSFR=0F80h-0FFFh -ACONFIG=0300000h-030000Dh \
  -AIDLOC=0200000h-0200007h -AEEDATA=0F00000h-0F003FFh -peeprom_data=EEDATA \
  -preset_vec=00h,intcode=08h,intcodelo,powerup,init -pramtop=01000h \
  -psmallconst=SMALLCONST -pmediumconst=MEDIUMCONST -pconst=CONST \
  -AFARRAM=00h-00h \
  -prdata=COMRAM,nvrram=COMRAM,nvbit=COMRAM,rbss=COMRAM,rbit=COMRAM \
  -pfarbss=FARRAM,fardata=FARRAM,nvFARRAM=FARRAM \
  -pintsave_regs=BIGRAM,bigbss=BIGRAM,bigdata=BIGRAM -pbss=RAM \
  -pidata=CODE,irdata=CODE,ibigdata=CODE,ifardata=CODE -prparam=COMRAM \
  C:\Users\DELL\AppData\Local\Temp\xcAs6ho.\driver_tmp_9.o \
  dist/default/debug\Project_One.debug.o 

Object code version is 3.11

Machine type is 18F4620



                Name                               Link     Load   Length Selector   Space Scale
C:\Users\DELL\AppData\Local\Temp\xcAs6ho.\driver_tmp_9.o
                config                           300000   300000        E        0       4
                init                                  E        E        4        4       0
                reset_vec                             0        0        4        0       0
dist/default/debug\Project_One.debug.o
                intcode                               8        8        6        4       0
                config                           300000   300000        E        0       4
                temp                                 75       75        1        1       1
                smallconst                         1000     1000        8      800       0
                text21                             1888     1888        4      804       0
                text20                             1884     1884        4      804       0
                text19                             1880     1880        4      804       0
                text18                             187C     187C        4      804       0
                text17                             1862     1862       1A      804       0
                text16                             1848     1848       1A      804       0
                text15                             182E     182E       1A      804       0
                text14                             1814     1814       1A      804       0
                text13                             188C     188C        2      804       0
                text12                             1766     1766       36      804       0
                text11                             155E     155E       64      804       0
                text10                             17C6     17C6       2A      804       0
                text9                              179C     179C       2A      804       0
                text8                              1730     1730       36      804       0
                intcode_body                       1008     1008      306      804       0
                text6                              14E2     14E2       7C      804       0
                text5                              1624     1624       5A      804       0
                text4                              167E     167E       40      804       0
                text3                              13BA     13BA       A8      804       0
                text2                              1462     1462       80      804       0
                text1                              130E     130E       AC      804       0
                text0                              17F0     17F0       24      804       0
                cstackCOMRAM                         68       68        D        1       1
                cstackBANK0                          C2       C2        8       80       1
                dataBANK0                            80       80       3A       80       1
                bssBANK0                             BA       BA        8       80       1
                dataCOMRAM                            1        1       38        1       1
                bssCOMRAM                            39       39       2F        1       1
                cinit                              15C2     15C2       62      804       0
                idataBANK0                         16BE     16BE       3A      804       0
                idataCOMRAM                        16F8     16F8       38      804       0

TOTAL           Name                               Link     Load   Length     Space
        CLASS   CODE           
                intcode                               8        8        6         0
                init                                  E        E        4         0
                reset_vec                             0        0        4         0
                text21                             1888     1888        4         0
                text20                             1884     1884        4         0
                text19                             1880     1880        4         0
                text18                             187C     187C        4         0
                text17                             1862     1862       1A         0
                text16                             1848     1848       1A         0
                text15                             182E     182E       1A         0
                text14                             1814     1814       1A         0
                text13                             188C     188C        2         0
                text12                             1766     1766       36         0
                text11                             155E     155E       64         0
                text10                             17C6     17C6       2A         0
                text9                              179C     179C       2A         0
                text8                              1730     1730       36         0
                intcode_body                       1008     1008      306         0
                text6                              14E2     14E2       7C         0
                text5                              1624     1624       5A         0
                text4                              167E     167E       40         0
                text3                              13BA     13BA       A8         0
                text2                              1462     1462       80         0
                text1                              130E     130E       AC         0
                text0                              17F0     17F0       24         0
                cinit                              15C2     15C2       62         0
                idataBANK0                         16BE     16BE       3A         0
                idataCOMRAM                        16F8     16F8       38         0

        CLASS   CONST          

        CLASS   SMALLCONST     
                smallconst                         1000     1000        8         0

        CLASS   MEDIUMCONST    

        CLASS   COMRAM         
                temp                                 75       75        1         1
                cstackCOMRAM                         68       68        D         1
                dataCOMRAM                            1        1       38         1
                bssCOMRAM                            39       39       2F         1

        CLASS   ABS1           

        CLASS   BIGRAM         

        CLASS   RAM            

        CLASS   BANK0          
                cstackBANK0                          C2       C2        8         1
                dataBANK0                            80       80       3A         1
                bssBANK0                             BA       BA        8         1

        CLASS   BANK1          

        CLASS   BANK2          

        CLASS   BANK3          

        CLASS   BANK4          

        CLASS   BANK5          

        CLASS   BANK6          

        CLASS   BANK7          

        CLASS   BANK8          

        CLASS   BANK9          

        CLASS   BANK10         

        CLASS   BANK11         

        CLASS   BANK12         

        CLASS   BANK13         

        CLASS   BANK14         

        CLASS   BANK15         

        CLASS   SFR            

        CLASS   BIGSFR         

        CLASS   CONFIG         
                config                           300000   300000        E         4

        CLASS   IDLOC          

        CLASS   EEDATA         

        CLASS   FARRAM         

        CLASS   HEAP           

        CLASS   STACK          



SEGMENTS        Name                           Load    Length   Top    Selector   Space  Class

                reset_vec                      000000  000004  000004         0       0  CODE    
                dataCOMRAM                     000001  000075  000076         1       1  COMRAM  
                intcode                        000008  00000A  000012         4       0  CODE    
                dataBANK0                      000080  00004A  0000CA        80       1  BANK0   
                smallconst                     001000  000008  001008       800       0  SMALLCON
                intcode_body                   001008  000886  00188E       804       0  CODE    


UNUSED ADDRESS RANGES

        Name                Unused          Largest block    Delta
        BANK0            0000CA-0000FF               36
        BANK1            000100-0001FF              100
        BANK10           000A00-000AFF              100
        BANK11           000B00-000BFF              100
        BANK12           000C00-000CFF              100
        BANK13           000D00-000DFF              100
        BANK14           000E00-000EFF              100
        BANK15           000F00-000F7F               80
        BANK2            000200-0002FF              100
        BANK3            000300-0003FF              100
        BANK4            000400-0004FF              100
        BANK5            000500-0005FF              100
        BANK6            000600-0006FF              100
        BANK7            000700-0007FF              100
        BANK8            000800-0008FF              100
        BANK9            000900-0009FF              100
        BIGRAM           000076-00007F                A
                         0000CA-000F7F              EB6
        BIGSFR           000F80-000FFF               80
        CODE             000004-000007                4
                         000012-000FFF              FEE
                         00188E-00FFFF             E772
        COMRAM           000076-00007F                A
        CONST            000004-000007                4
                         000012-000FFF              FEE
                         00188E-00FFFF             E772
        EEDATA           F00000-F003FF              400
        IDLOC            200000-200007                8
        MEDIUMCONST      00188E-00FFFF             E772
        RAM              0000CA-000F7F              100
        SFR              000F80-000FFF               80
        SMALLCONST       00188E-00FFFF              100

                                  Symbol Table

RB4_ISR@source                              cstackCOMRAM 000068
RB5_ISR@source                              cstackCOMRAM 000068
RB6_ISR@source                              cstackCOMRAM 000068
RB7_ISR@source                              cstackCOMRAM 000068
Relay_Initialize@F3042                      bssCOMRAM    000061
Relay_Turn_OFF@F3052                        bssCOMRAM    00005F
Relay_Turn_ON@F3047                         bssCOMRAM    000060
Timer0_Init@ret                             cstackBANK0  0000C9
Timer0_Init@timer1                          cstackBANK0  0000C5
Timer0_Mode_Select@timer1                   cstackBANK0  0000C2
Timer0_Prescaler_Config@timer1              cstackBANK0  0000C2
Timer0_Register_Size@timer1                 cstackBANK0  0000C2
Timer1_Init@ret                             cstackBANK0  0000C8
Timer1_Init@timer1                          cstackBANK0  0000C4
Timer1_Mode_Select@timer1                   cstackBANK0  0000C2
Timer1_Read_Value@l_tmr1h                   cstackCOMRAM 000070
Timer1_Read_Value@l_tmr1l                   cstackCOMRAM 00006F
Timer1_Read_Value@ret                       cstackCOMRAM 00006E
Timer1_Read_Value@timer1                    cstackCOMRAM 000068
Timer1_Read_Value@value                     cstackCOMRAM 00006A
Timer1_Write_Value@ret                      cstackCOMRAM 00006C
Timer1_Write_Value@timer1                   cstackCOMRAM 000068
Timer1_Write_Value@value                    cstackCOMRAM 00006A
_ADCON0bits                                 (abs)        000FC2
_ADCON1bits                                 (abs)        000FC1
_ADCON2bits                                 (abs)        000FC0
_ADC_ISR                                    text21       001888
_ADC_Interrupt_Handular                     bssCOMRAM    00005D
_ADRESH                                     (abs)        000FC4
_ADRESL                                     (abs)        000FC3
_EEADR                                      (abs)        000FA9
_EEADRH                                     (abs)        000FAA
_EECON1bits                                 (abs)        000FA6
_EECON2                                     (abs)        000FA7
_EEDATA                                     (abs)        000FA8
_Freq                                       bssCOMRAM    000066
_INT0_ISR                                   text20       001884
_INT0_Interrupt_Handular                    bssCOMRAM    00005B
_INT1_ISR                                   text19       001880
_INT1_Interrupt_Handular                    bssCOMRAM    000059
_INT2_ISR                                   text18       00187C
_INT2_Interrupt_Handular                    bssCOMRAM    000057
_INTCON2bits                                (abs)        000FF1
_INTCON3bits                                (abs)        000FF0
_INTCONbits                                 (abs)        000FF2
_Interrupt_Manager                          intcode      000008
_LATA                                       (abs)        000F89
_LATB                                       (abs)        000F8A
_LATC                                       (abs)        000F8B
_LATD                                       (abs)        000F8C
_LATE                                       (abs)        000F8D
_PIE1bits                                   (abs)        000F9D
_PIR1bits                                   (abs)        000F9E
_PORTA                                      (abs)        000F80
_PORTB                                      (abs)        000F81
_PORTBbits                                  (abs)        000F81
_PORTC                                      (abs)        000F82
_PORTD                                      (abs)        000F83
_PORTE                                      (abs)        000F84
_RB4_Flag                                   dataCOMRAM   000022
_RB4_ISR                                    text17       001862
_RB4_Interrupt_Handular_HIGH                bssCOMRAM    000055
_RB4_Interrupt_Handular_LOW                 bssCOMRAM    000053
_RB5_Flag                                   dataCOMRAM   000021
_RB5_ISR                                    text16       001848
_RB5_Interrupt_Handular_HIGH                bssCOMRAM    000051
_RB5_Interrupt_Handular_LOW                 bssCOMRAM    00004F
_RB6_Flag                                   dataCOMRAM   000020
_RB6_ISR                                    text15       00182E
_RB6_Interrupt_Handular_HIGH                bssCOMRAM    00004D
_RB6_Interrupt_Handular_LOW                 bssCOMRAM    00004B
_RB7_Flag                                   dataCOMRAM   00001F
_RB7_ISR                                    text14       001814
_RB7_Interrupt_Handular_HIGH                bssCOMRAM    000049
_RB7_Interrupt_Handular_LOW                 bssCOMRAM    000047
_T0CONbits                                  (abs)        000FD5
_T1CONbits                                  (abs)        000FCD
_TIMER0_ISR                                 text12       001766
_TIMER1_ISR                                 text8        001730
_TMR0H                                      (abs)        000FD7
_TMR0L                                      (abs)        000FD6
_TMR0_Interrupt_Hundeler                    bssCOMRAM    000045
_TMR1H                                      (abs)        000FCF
_TMR1L                                      (abs)        000FCE
_TMR1_Interrupt_Hundeler                    bssCOMRAM    000041
_TRISA                                      (abs)        000F92
_TRISB                                      (abs)        000F93
_TRISC                                      (abs)        000F94
_TRISD                                      (abs)        000F95
_TRISE                                      (abs)        000F96
_Timer0_Defualt_Interrupt_Hundeller         text13       00188C
_Timer0_Init                                text3        0013BA
_Timer0_Mode_Select                         text6        0014E2
_Timer0_Prescaler_Config                    text5        001624
_Timer0_Register_Size                       text4        00167E
_Timer1_Defualt_Interrupt_Hundeller         text9        00179C
_Timer1_Init                                text1        00130E
_Timer1_Mode_Select                         text2        001462
_Timer1_Read_Value                          text11       00155E
_Timer1_Write_Value                         text10       0017C6
__HRAM                                      (abs)        000000
__H__absolute__                             __absolute__ 000000
__Habs1                                     abs1         000000
__Hbank0                                    bank0        000000
__Hbank1                                    bank1        000000
__Hbank10                                   bank10       000000
__Hbank11                                   bank11       000000
__Hbank12                                   bank12       000000
__Hbank13                                   bank13       000000
__Hbank14                                   bank14       000000
__Hbank15                                   bank15       000000
__Hbank2                                    bank2        000000
__Hbank3                                    bank3        000000
__Hbank4                                    bank4        000000
__Hbank5                                    bank5        000000
__Hbank6                                    bank6        000000
__Hbank7                                    bank7        000000
__Hbank8                                    bank8        000000
__Hbank9                                    bank9        000000
__Hbigbss                                   bigbss       000000
__Hbigdata                                  bigdata      000000
__Hbigram                                   bigram       000000
__Hbigsfr                                   bigsfr       000000
__Hbss                                      bss          000000
__HbssBANK0                                 bssBANK0     000000
__HbssCOMRAM                                bssCOMRAM    000000
__Hcinit                                    cinit        000000
__Hclrtext                                  clrtext      000000
__Hcomram                                   comram       000000
__Hconfig                                   config       30000E
__Hconst                                    const        000000
__HcstackBANK0                              cstackBANK0  000000
__HcstackCOMRAM                             cstackCOMRAM 000000
__Hdata                                     data         000000
__HdataBANK0                                dataBANK0    000000
__HdataCOMRAM                               dataCOMRAM   000000
__Heeprom_data                              eeprom_data  000000
__Hfarbss                                   farbss       000000
__Hfardata                                  fardata      000000
__Hheap                                     heap         000000
__Hibigdata                                 ibigdata     000000
__Hidata                                    idata        000000
__HidataBANK0                               idataBANK0   000000
__HidataCOMRAM                              idataCOMRAM  000000
__Hidloc                                    idloc        000000
__Hifardata                                 ifardata     000000
__Hinit                                     init         000012
__Hintcode                                  intcode      00000E
__Hintcode_body                             intcode_body 000000
__Hintcodelo                                intcodelo    00000E
__Hintentry                                 intentry     000000
__Hintret                                   intret       000000
__Hintsave_regs                             intsave_regs 000000
__Hirdata                                   irdata       000000
__Hmediumconst                              mediumconst  000000
__HnvFARRAM                                 nvFARRAM     000000
__Hnvbit                                    nvbit        000000
__Hnvrram                                   nvrram       000000
__Hparam                                    rparam       000000
__Hpowerup                                  powerup      00000E
__Hram                                      ram          000000
__Hramtop                                   ramtop       001000
__Hrbit                                     rbit         000000
__Hrbss                                     rbss         000000
__Hrdata                                    rdata        000000
__Hreset_vec                                reset_vec    000004
__Hrparam                                   rparam       000000
__Hsfr                                      sfr          000000
__Hsmallconst                               smallconst   001008
__Hspace_0                                  (abs)        00188E
__Hspace_1                                  (abs)        0000CA
__Hspace_2                                  (abs)        000000
__Hspace_4                                  (abs)        60000E
__Hstack                                    stack        000000
__Hstruct                                   struct       000000
__Htemp                                     temp         000076
__Htext                                     text         000000
__Htext0                                    text0        000000
__Htext1                                    text1        000000
__Htext10                                   text10       000000
__Htext11                                   text11       000000
__Htext12                                   text12       000000
__Htext13                                   text13       000000
__Htext14                                   text14       000000
__Htext15                                   text15       000000
__Htext16                                   text16       000000
__Htext17                                   text17       000000
__Htext18                                   text18       000000
__Htext19                                   text19       000000
__Htext2                                    text2        000000
__Htext20                                   text20       000000
__Htext21                                   text21       000000
__Htext22                                   text22       000000
__Htext3                                    text3        000000
__Htext4                                    text4        000000
__Htext5                                    text5        000000
__Htext6                                    text6        000000
__Htext8                                    text8        000000
__Htext9                                    text9        000000
__LRAM                                      (abs)        000001
__L__absolute__                             __absolute__ 000000
__Labs1                                     abs1         000000
__Lbank0                                    bank0        000000
__Lbank1                                    bank1        000000
__Lbank10                                   bank10       000000
__Lbank11                                   bank11       000000
__Lbank12                                   bank12       000000
__Lbank13                                   bank13       000000
__Lbank14                                   bank14       000000
__Lbank15                                   bank15       000000
__Lbank2                                    bank2        000000
__Lbank3                                    bank3        000000
__Lbank4                                    bank4        000000
__Lbank5                                    bank5        000000
__Lbank6                                    bank6        000000
__Lbank7                                    bank7        000000
__Lbank8                                    bank8        000000
__Lbank9                                    bank9        000000
__Lbigbss                                   bigbss       000000
__Lbigdata                                  bigdata      000000
__Lbigram                                   bigram       000000
__Lbigsfr                                   bigsfr       000000
__Lbss                                      bss          000000
__LbssBANK0                                 bssBANK0     000000
__LbssCOMRAM                                bssCOMRAM    000000
__Lcinit                                    cinit        000000
__Lclrtext                                  clrtext      000000
__Lcomram                                   comram       000000
__Lconfig                                   config       000000
__Lconst                                    const        000000
__LcstackBANK0                              cstackBANK0  000000
__LcstackCOMRAM                             cstackCOMRAM 000000
__Ldata                                     data         000000
__LdataBANK0                                dataBANK0    000000
__LdataCOMRAM                               dataCOMRAM   000000
__Leeprom_data                              eeprom_data  000000
__Lfarbss                                   farbss       000000
__Lfardata                                  fardata      000000
__Lheap                                     heap         000000
__Libigdata                                 ibigdata     000000
__Lidata                                    idata        000000
__LidataBANK0                               idataBANK0   000000
__LidataCOMRAM                              idataCOMRAM  000000
__Lidloc                                    idloc        000000
__Lifardata                                 ifardata     000000
__Linit                                     init         00000E
__Lintcode                                  intcode      000008
__Lintcode_body                             intcode_body 000000
__Lintcodelo                                intcodelo    00000E
__Lintentry                                 intentry     000000
__Lintret                                   intret       000000
__Lintsave_regs                             intsave_regs 000000
__Lirdata                                   irdata       000000
__Lmediumconst                              mediumconst  000000
__LnvFARRAM                                 nvFARRAM     000000
__Lnvbit                                    nvbit        000000
__Lnvrram                                   nvrram       000000
__Lparam                                    rparam       000000
__Lpowerup                                  powerup      00000E
__Lram                                      ram          000000
__Lramtop                                   ramtop       001000
__Lrbit                                     rbit         000000
__Lrbss                                     rbss         000000
__Lrdata                                    rdata        000000
__Lreset_vec                                reset_vec    000000
__Lrparam                                   rparam       000000
__Lsfr                                      sfr          000000
__Lsmallconst                               smallconst   001000
__Lspace_0                                  (abs)        000000
__Lspace_1                                  (abs)        000000
__Lspace_2                                  (abs)        000000
__Lspace_4                                  (abs)        000000
__Lstack                                    stack        000000
__Lstruct                                   struct       000000
__Ltemp                                     temp         000075
__Ltext                                     text         000000
__Ltext0                                    text0        000000
__Ltext1                                    text1        000000
__Ltext10                                   text10       000000
__Ltext11                                   text11       000000
__Ltext12                                   text12       000000
__Ltext13                                   text13       000000
__Ltext14                                   text14       000000
__Ltext15                                   text15       000000
__Ltext16                                   text16       000000
__Ltext17                                   text17       000000
__Ltext18                                   text18       000000
__Ltext19                                   text19       000000
__Ltext2                                    text2        000000
__Ltext20                                   text20       000000
__Ltext21                                   text21       000000
__Ltext22                                   text22       000000
__Ltext3                                    text3        000000
__Ltext4                                    text4        000000
__Ltext5                                    text5        000000
__Ltext6                                    text6        000000
__Ltext8                                    text8        000000
__Ltext9                                    text9        000000
__S0                                        (abs)        00188E
__S1                                        (abs)        0000CA
__S4                                        (abs)        000000
__S5                                        (abs)        000000
___heap_hi                                  (abs)        000000
___heap_lo                                  (abs)        000000
___inthi_sp                                 stack        000000
___intlo_sp                                 stack        000000
___param_bank                               (abs)        000000
___rparam_used                              (abs)        000001
___sp                                       stack        000000
__accesstop                                 (abs)        000080
__activetblptr                              (abs)        000003
__end_of_ADC_ISR                            text21       00188C
__end_of_INT0_ISR                           text20       001888
__end_of_INT1_ISR                           text19       001884
__end_of_INT2_ISR                           text18       001880
__end_of_Interrupt_Manager                  intcode_body 00130E
__end_of_RB4_ISR                            text17       00187C
__end_of_RB5_ISR                            text16       001862
__end_of_RB6_ISR                            text15       001848
__end_of_RB7_ISR                            text14       00182E
__end_of_TIMER0_ISR                         text12       00179C
__end_of_TIMER1_ISR                         text8        001766
__end_of_Timer0_Defualt_Interrupt_Hundeller text13       00188E
__end_of_Timer0_Init                        text3        001462
__end_of_Timer0_Mode_Select                 text6        00155E
__end_of_Timer0_Prescaler_Config            text5        00167E
__end_of_Timer0_Register_Size               text4        0016BE
__end_of_Timer1_Defualt_Interrupt_Hundeller text9        0017C6
__end_of_Timer1_Init                        text1        0013BA
__end_of_Timer1_Mode_Select                 text2        0014E2
__end_of_Timer1_Read_Value                  text11       0015C2
__end_of_Timer1_Write_Value                 text10       0017F0
__end_of__initialization                    cinit        00161A
__end_of_main                               text0        001814
__initialization                            cinit        0015C2
__mediumconst                               mediumconst  000000
__pbssBANK0                                 bssBANK0     0000BA
__pbssCOMRAM                                bssCOMRAM    000039
__pcinit                                    cinit        0015C2
__pcstackBANK0                              cstackBANK0  0000C2
__pcstackCOMRAM                             cstackCOMRAM 000068
__pdataBANK0                                dataBANK0    000080
__pdataCOMRAM                               dataCOMRAM   000001
__pidataBANK0                               idataBANK0   0016BE
__pidataCOMRAM                              idataCOMRAM  0016F8
__pintcode                                  intcode      000008
__pintcode_body                             intcode_body 001008
__psmallconst                               smallconst   001000
__ptext0                                    text0        0017F0
__ptext1                                    text1        00130E
__ptext10                                   text10       0017C6
__ptext11                                   text11       00155E
__ptext12                                   text12       001766
__ptext13                                   text13       00188C
__ptext14                                   text14       001814
__ptext15                                   text15       00182E
__ptext16                                   text16       001848
__ptext17                                   text17       001862
__ptext18                                   text18       00187C
__ptext19                                   text19       001880
__ptext2                                    text2        001462
__ptext20                                   text20       001884
__ptext21                                   text21       001888
__ptext22                                   text22       000000
__ptext3                                    text3        0013BA
__ptext4                                    text4        00167E
__ptext5                                    text5        001624
__ptext6                                    text6        0014E2
__ptext8                                    text8        001730
__ptext9                                    text9        00179C
__ramtop                                    ramtop       001000
__smallconst                                smallconst   001000
_counter1_obj                               dataCOMRAM   00002B
_keypad_btn_values                          dataBANK0    000080
_lat_registers                              dataCOMRAM   00000B
_lcd_1                                      dataCOMRAM   000033
_lcd_2                                      dataBANK0    0000B0
_main                                       text0        0017F0
_port_registers                             dataCOMRAM   000001
_timer0_preload                             bssCOMRAM    000043
_timer0_timer_obj                           dataCOMRAM   000023
_timer1_obj                                 bssBANK0     0000BA
_timer1_preload                             bssCOMRAM    00003F
_tris_registers                             dataCOMRAM   000015
btemp                                       temp         000075
end_of_initialization                       cinit        00161A
int$flags                                   temp         000075
int_func                                    intcode_body 001008
intlevel0                                   text         000000
intlevel1                                   text         000000
intlevel2                                   text         000000
intlevel3                                   text         000000
isa$std                                     (abs)        000001
isa$xinst                                   (abs)        000000
led_initialize@F3048                        bssCOMRAM    000065
led_toggle@F3063                            bssCOMRAM    000062
led_turn_off@F3058                          bssCOMRAM    000063
led_turn_on@F3053                           bssCOMRAM    000064
stackhi                                     (abs)        000000
stacklo                                     (abs)        000000
start                                       init         00000E
start_initialization                        cinit        0015C2
ttemp5                                      temp         000076
ttemp6                                      temp         000079
ttemp7                                      temp         00007D
wtemp8                                      temp         000076


MODULE INFORMATION

Module		Function		Class		Link	Load	Size
MCAL_Layer/interrupt/mcal_external_interrupt.c
		_RB4_ISR       		CODE           	1862	0000	26
		_RB5_ISR       		CODE           	1848	0000	26
		_RB6_ISR       		CODE           	182E	0000	26
		_RB7_ISR       		CODE           	1814	0000	26
		_INT0_ISR      		CODE           	1884	0000	4
		_INT1_ISR      		CODE           	1880	0000	4
		_INT2_ISR      		CODE           	187C	0000	4

MCAL_Layer/interrupt/mcal_external_interrupt.c estimated size: 116

MCAL_Layer/Timer/hal_Timer0.c
		_Timer0_Init   		CODE           	13BA	0000	168
		_Timer0_Register_Size		CODE           	167E	0000	64
		_Timer0_Prescaler_Config		CODE           	1624	0000	90
		_Timer0_Mode_Select		CODE           	14E2	0000	124
		_TIMER0_ISR    		CODE           	1766	0000	54

MCAL_Layer/Timer/hal_Timer0.c estimated size: 500

shared
		__initialization		CODE           	15C2	0000	88

shared estimated size: 88

MCAL_Layer/ADC/hal_adc.c
		_ADC_ISR       		CODE           	1888	0000	4

MCAL_Layer/ADC/hal_adc.c estimated size: 4

application.c
		_main          		CODE           	17F0	0000	36
		_Timer0_Defualt_Interrupt_Hundeller		CODE           	188C	0000	2
		_Timer1_Defualt_Interrupt_Hundeller		CODE           	179C	0000	42

application.c estimated size: 80

MCAL_Layer/Timer1/hal_timer1.c
		_Timer1_Mode_Select		CODE           	1462	0000	128
		_TIMER1_ISR    		CODE           	1730	0000	54
		_Timer1_Init   		CODE           	130E	0000	172
		_Timer1_Read_Value		CODE           	155E	0000	100
		_Timer1_Write_Value		CODE           	17C6	0000	42

MCAL_Layer/Timer1/hal_timer1.c estimated size: 496

MCAL_Layer/interrupt/mcal_interrupt_manager.c
		_Interrupt_Manager		CODE           	0008	0000	780

MCAL_Layer/interrupt/mcal_interrupt_manager.c estimated size: 780

